<?xml version="1.0" encoding="utf-8"?><testsuites name="pytest tests"><testsuite name="pytest" errors="0" failures="0" skipped="0" tests="49" time="8.654" timestamp="2026-02-19T17:06:27.498636-08:00" hostname="TYPHOON"><testcase classname="tests.test_admin_guard" name="test_abort_if_elevated" file="tests/test_admin_guard.py" line="7" time="0.002" /><testcase classname="tests.test_admin_guard" name="test_abort_if_elevated_noop_non_admin" file="tests/test_admin_guard.py" line="32" time="0.001" /><testcase classname="tests.test_error_handler.TestErrorCodes" name="test_all_codes_have_messages" file="tests/test_error_handler.py" line="12" time="0.001" /><testcase classname="tests.test_error_handler.TestErrorCodes" name="test_all_friendly_messages_have_codes" file="tests/test_error_handler.py" line="18" time="0.001" /><testcase classname="tests.test_error_handler.TestErrorCodes" name="test_get_error_message_known" file="tests/test_error_handler.py" line="22" time="0.001" /><testcase classname="tests.test_error_handler.TestErrorCodes" name="test_get_error_message_unknown" file="tests/test_error_handler.py" line="27" time="0.001" /><testcase classname="tests.test_error_handler.TestErrorCodes" name="test_get_user_message_known" file="tests/test_error_handler.py" line="31" time="0.001" /><testcase classname="tests.test_error_handler.TestErrorCodes" name="test_get_user_message_unknown" file="tests/test_error_handler.py" line="35" time="0.001" /><testcase classname="tests.test_error_handler.TestCreateErrorResult" name="test_creates_failed_result" file="tests/test_error_handler.py" line="41" time="0.003" /><testcase classname="tests.test_error_handler.TestCreateErrorResult" name="test_includes_exception_info" file="tests/test_error_handler.py" line="48" time="0.002" /><testcase classname="tests.test_error_handler.TestFormatErrorDetails" name="test_format_includes_platform" file="tests/test_error_handler.py" line="58" time="0.001" /><testcase classname="tests.test_error_handler.TestFormatErrorDetails" name="test_format_includes_version" file="tests/test_error_handler.py" line="69" time="0.001" /><testcase classname="tests.test_gui_state" name="test_platform_selector_disables_checkboxes" file="tests/test_gui_state.py" line="4" time="0.018" /><testcase classname="tests.test_gui_state" name="test_post_composer_counters_and_attach_button" file="tests/test_gui_state.py" line="20" time="0.039" /><testcase classname="tests.test_image_processor.TestValidateImage" name="test_valid_jpeg" file="../GalePost/tests/test_image_processor.py" line="41" time="0.018" /><testcase classname="tests.test_image_processor.TestValidateImage" name="test_missing_file" file="../GalePost/tests/test_image_processor.py" line="44" time="0.003" /><testcase classname="tests.test_image_processor.TestValidateImage" name="test_corrupt_file" file="../GalePost/tests/test_image_processor.py" line="48" time="0.069" /><testcase classname="tests.test_image_processor.TestProcessImage" name="test_small_image_passes_through" file="../GalePost/tests/test_image_processor.py" line="55" time="0.004" /><testcase classname="tests.test_image_processor.TestProcessImage" name="test_large_image_resized_for_twitter" file="../GalePost/tests/test_image_processor.py" line="61" time="0.682" /><testcase classname="tests.test_image_processor.TestProcessImage" name="test_large_image_resized_for_bluesky" file="../GalePost/tests/test_image_processor.py" line="67" time="0.389" /><testcase classname="tests.test_image_processor.TestProcessImage" name="test_rgba_converted_to_rgb" file="../GalePost/tests/test_image_processor.py" line="72" time="0.004" /><testcase classname="tests.test_image_processor.TestProcessImage" name="test_aspect_ratio_preserved" file="../GalePost/tests/test_image_processor.py" line="78" time="0.133" /><testcase classname="tests.test_image_processor.TestGenerateThumbnail" name="test_creates_thumbnail" file="../GalePost/tests/test_image_processor.py" line="91" time="0.003" /><testcase classname="tests.test_image_processor.TestGenerateThumbnail" name="test_returns_none_for_invalid" file="../GalePost/tests/test_image_processor.py" line="99" time="0.002" /><testcase classname="tests.test_lambda_function" name="test_missing_user_notes_returns_400" file="../GalePost/tests/test_lambda_function.py" line="31" time="0.001" /><testcase classname="tests.test_lambda_function" name="test_user_notes_in_metadata_and_email" file="../GalePost/tests/test_lambda_function.py" line="43" time="0.001" /><testcase classname="tests.test_lambda_function" name="test_attachments_use_raw_email" file="../GalePost/tests/test_lambda_function.py" line="75" time="0.001" /><testcase classname="tests.test_log_submit_dialog" name="test_log_submit_dialog_requires_notes" file="tests/test_log_submit_dialog.py" line="3" time="0.008" /><testcase classname="tests.test_main_window_state" name="test_main_window_no_credentials_disables_actions" file="tests/test_main_window_state.py" line="47" time="0.005" /><testcase classname="tests.test_main_window_state" name="test_main_window_single_platform_enabled" file="tests/test_main_window_state.py" line="60" time="0.003" /><testcase classname="tests.test_main_window_state" name="test_main_window_disable_when_unchecked" file="tests/test_main_window_state.py" line="72" time="0.003" /><testcase classname="tests.test_platforms.TestDetectUrls" name="test_no_urls" file="../GalePost/tests/test_platforms.py" line="7" time="0.002" /><testcase classname="tests.test_platforms.TestDetectUrls" name="test_single_url" file="../GalePost/tests/test_platforms.py" line="10" time="0.001" /><testcase classname="tests.test_platforms.TestDetectUrls" name="test_multiple_urls" file="../GalePost/tests/test_platforms.py" line="15" time="0.001" /><testcase classname="tests.test_platforms.TestDetectUrls" name="test_url_with_path" file="../GalePost/tests/test_platforms.py" line="20" time="0.001" /><testcase classname="tests.test_platforms.TestDetectUrls" name="test_byte_offsets_ascii" file="../GalePost/tests/test_platforms.py" line="29" time="0.001" /><testcase classname="tests.test_platforms.TestDetectUrls" name="test_byte_offsets_unicode" file="../GalePost/tests/test_platforms.py" line="38" time="0.001" /><testcase classname="tests.test_platforms.TestDetectUrls" name="test_facet_structure" file="../GalePost/tests/test_platforms.py" line="47" time="0.001" /><testcase classname="tests.test_platforms.TestPlatformSpecs" name="test_twitter_specs" file="../GalePost/tests/test_platforms.py" line="57" time="0.001" /><testcase classname="tests.test_platforms.TestPlatformSpecs" name="test_bluesky_specs" file="../GalePost/tests/test_platforms.py" line="62" time="0.001" /><testcase classname="tests.test_release_notes" name="test_extract_sections_between_versions" file="../GalePost/tests/test_release_notes.py" line="5" time="0.001" /><testcase classname="tests.test_release_notes" name="test_extract_sections_falls_back_to_current_only" file="../GalePost/tests/test_release_notes.py" line="30" time="0.001" /><testcase classname="tests.test_setup_wizard_theme" name="test_setup_wizard_applies_style" file="tests/test_setup_wizard_theme.py" line="11" time="0.006" /><testcase classname="tests.test_update_checker" name="test_updates_skip_prerelease_when_disabled" file="tests/test_update_checker.py" line="12" time="0.001" /><testcase classname="tests.test_update_checker" name="test_updates_include_prerelease_when_enabled" file="tests/test_update_checker.py" line="29" time="0.002" /><testcase classname="tests.test_update_checker" name="test_updates_ignore_drafts" file="tests/test_update_checker.py" line="46" time="0.002" /><testcase classname="tests.test_update_checker" name="test_updates_return_none_when_up_to_date" file="tests/test_update_checker.py" line="62" time="0.002" /><testcase classname="tests.test_update_dialog_label" name="test_update_dialog_labels_beta" file="tests/test_update_dialog_label.py" line="48" time="0.005" /><testcase classname="tests.test_update_dialog_label" name="test_update_dialog_labels_stable" file="tests/test_update_dialog_label.py" line="78" time="0.007" /></testsuite></testsuites>